============================= test session starts ==============================
platform darwin -- Python 3.14.4, pytest-9.1.1, pluggy-1.6.0 -- /Users/m33tball/bmad_module_builder/rdx-workspace/Rust_bmad_dev/rdx-tea/.venv-baseline/bin/python
cachedir: .pytest_cache
rootdir: /Users/m33tball/bmad_module_builder/rdx-workspace/Rust_bmad_dev
collecting ... collected 97 items

rdx-tea/tests/bmad-tea/test_l4_d31_external_project_slice.py::test_l4_d31_e01_wrapper_runs_end_to_end_in_external_project PASSED [  1%]
rdx-tea/tests/bmad-tea/test_l4_d31_external_project_slice.py::test_l4_d31_e02_sidecar_schema_valid_from_external_project PASSED [  2%]
rdx-tea/tests/bmad-tea/test_l4_d31_external_project_slice.py::test_l4_d31_e03_binder_fails_closed_when_bundle_tampered PASSED [  3%]
rdx-tea/tests/bmad-tea/test_l4_d31_external_project_slice.py::test_l4_d31_e04_prepare_fails_closed_without_identity PASSED [  4%]
rdx-tea/tests/bmad-tea/test_l4_d31_external_project_slice.py::test_l4_d31_e05_no_rdx_dev_tree_paths_referenced PASSED [  5%]
rdx-tea/tests/bmad-tea/test_l4_d31_external_project_slice.py::test_l4_d31_e06_wrapper_verifies_sequential_mode PASSED [  6%]
rdx-tea/tests/bmad-tea/test_l4_d31_external_project_slice.py::test_l4_d31_e07_bootstrap_verifies_upstream_tags PASSED [  7%]
rdx-tea/tests/bmad-tea/test_l4_sequential_vertical_slice.py::test_l4_e01_vertical_slice_produces_valid_sidecar[bmad-testarch-test-design-test-design] PASSED [  8%]
rdx-tea/tests/bmad-tea/test_l4_sequential_vertical_slice.py::test_l4_e01_vertical_slice_produces_valid_sidecar[bmad-testarch-atdd-atdd] PASSED [  9%]
rdx-tea/tests/bmad-tea/test_l4_sequential_vertical_slice.py::test_l4_e02_sidecar_invalidated_on_artifact_mutation PASSED [ 10%]
rdx-tea/tests/bmad-tea/test_l4_sequential_vertical_slice.py::test_l4_e03_sidecar_present_only_after_binder PASSED [ 11%]
rdx-tea/tests/bmad-tea/test_l4_sequential_vertical_slice.py::test_l4_e04_binder_fails_closed_without_prepare_manifest PASSED [ 12%]
rdx-tea/tests/bmad-tea/test_l4_sequential_vertical_slice.py::test_l4_e05_execution_mode_recorded_as_sequential PASSED [ 13%]
rdx-tea/tests/contracts/test_l0_projection.py::test_l0_source_lock_hash[core] PASSED [ 14%]
rdx-tea/tests/contracts/test_l0_projection.py::test_l0_source_lock_hash[router] PASSED [ 15%]
rdx-tea/tests/contracts/test_l0_projection.py::test_l0_source_lock_hash[packs] PASSED [ 16%]
rdx-tea/tests/contracts/test_l0_projection.py::test_l0_source_lock_hash[gov] PASSED [ 17%]
rdx-tea/tests/contracts/test_l0_projection.py::test_l0_status_vocabulary_complete PASSED [ 18%]
rdx-tea/tests/contracts/test_l0_projection.py::test_l0_router_packs_canonical PASSED [ 19%]
rdx-tea/tests/contracts/test_l0_projection.py::test_l0_router_rule_ids_prefixes PASSED [ 20%]
rdx-tea/tests/contracts/test_l0_projection.py::test_l0_story_tag_required_packs_preserved PASSED [ 21%]
rdx-tea/tests/contracts/test_l0_projection.py::test_l0_rule_check_map_prefixes PASSED [ 22%]
rdx-tea/tests/contracts/test_l0_projection.py::test_l0_projection_generator_reads_only_canonical_inputs PASSED [ 23%]
rdx-tea/tests/contracts/test_l0_projection.py::test_l0_projection_generator_is_deterministic PASSED [ 24%]
rdx-tea/tests/contracts/test_l0_projection.py::test_l0_projection_generator_covers_all_packs PASSED [ 25%]
rdx-tea/tests/contracts/test_l0_projection.py::test_l0_projection_generator_emits_rdx_tea_index_row_per_pack PASSED [ 26%]
rdx-tea/tests/integration/test_l2_dynamic_active_bundle.py::test_l2_d01_async_diff_activates_async_pack_and_includes_obligations PASSED [ 27%]
rdx-tea/tests/integration/test_l2_dynamic_active_bundle.py::test_l2_d02_doc_only_diff_excludes_async_pack PASSED [ 28%]
rdx-tea/tests/integration/test_l2_dynamic_active_bundle.py::test_l2_d03_non_rust_diff_produces_empty_bundle PASSED [ 29%]
rdx-tea/tests/integration/test_l2_dynamic_active_bundle.py::test_l2_d04_bundle_never_contains_rdx_verdict_vocabulary PASSED [ 30%]
rdx-tea/tests/integration/test_l2_dynamic_active_bundle.py::test_l2_d05_bundle_bytes_deterministic PASSED [ 31%]
rdx-tea/tests/integration/test_l2_dynamic_active_bundle.py::test_l2_d06_stale_bundle_atomically_replaced PASSED [ 32%]
rdx-tea/tests/integration/test_l2_dynamic_active_bundle.py::test_l2_d07_router_parity_with_rdx_validator PASSED [ 34%]
rdx-tea/tests/integration/test_l2_dynamic_active_bundle.py::test_l2_d08_manifest_carries_source_hashes PASSED [ 35%]
rdx-tea/tests/integration/test_l2_dynamic_active_bundle.py::test_l2_d09_workflow_obligation_matrix_applied PASSED [ 36%]
rdx-tea/tests/integration/test_l2_dynamic_active_bundle.py::test_l2_d10_story_tag_required_pack_gated_on_tag PASSED [ 37%]
rdx-tea/tests/integration/test_l2_dynamic_active_bundle.py::test_l2_d11_multiple_packs_both_appear PASSED [ 38%]
rdx-tea/tests/integration/test_l2_dynamic_active_bundle.py::test_l2_d12_bundle_atomic_write_no_tmp_leftover PASSED [ 39%]
rdx-tea/tests/integration/test_l2_dynamic_active_bundle.py::test_l2_d13_manifest_schema_present PASSED [ 40%]
rdx-tea/tests/lifecycle/test_l4_d3_lifecycle.py::test_l4_h01_repeated_prepare_is_idempotent PASSED [ 41%]
rdx-tea/tests/lifecycle/test_l4_d3_lifecycle.py::test_l4_h02_no_tmp_leftover PASSED [ 42%]
rdx-tea/tests/lifecycle/test_l4_d3_lifecycle.py::test_l4_h03_overlay_toml_with_comments_survives_merge PASSED [ 43%]
rdx-tea/tests/lifecycle/test_l4_d3_lifecycle.py::test_l4_h04_stale_bundle_replaced_not_accumulated PASSED [ 44%]
rdx-tea/tests/lifecycle/test_l4_d3_lifecycle.py::test_l4_h05_missing_tea_workflow_skill_but_prepare_still_runs PASSED [ 45%]
rdx-tea/tests/lifecycle/test_l4_upstream_customization.py::test_l4_c01_upstream_resolver_returns_prepend_command PASSED [ 46%]
rdx-tea/tests/lifecycle/test_l4_upstream_customization.py::test_l4_c02_upstream_resolver_returns_active_context_bundle_path PASSED [ 47%]
rdx-tea/tests/lifecycle/test_l4_upstream_customization.py::test_l4_c03_upstream_resolver_returns_on_complete_binder PASSED [ 48%]
rdx-tea/tests/lifecycle/test_l4_upstream_customization.py::test_l4_c04_upstream_resolver_preserves_base_persistent_facts PASSED [ 49%]
rdx-tea/tests/lifecycle/test_l4_upstream_customization.py::test_l4_c05_upstream_resolver_preserves_user_override PASSED [ 50%]
rdx-tea/tests/lifecycle/test_l4_upstream_customization.py::test_l4_c06_upstream_resolver_produces_valid_toml_shape PASSED [ 51%]
rdx-tea/tests/lifecycle/test_l4_upstream_customization.py::test_l4_c07_no_skill_root_modifications PASSED [ 52%]
rdx-tea/tests/lifecycle/test_l4_upstream_customization.py::test_l4_c08_resolver_exit_code_is_zero PASSED [ 53%]
rdx-tea/tests/lifecycle/test_l4_upstream_customization.py::test_l4_c09_resolver_output_is_reproducible PASSED [ 54%]
rdx-tea/tests/mutation/test_l7_d3_falsification.py::test_l7_f01_active_bundle_missing_binder_fails_closed PASSED [ 55%]
rdx-tea/tests/mutation/test_l7_d3_falsification.py::test_l7_f02_bundle_hash_change_detected PASSED [ 56%]
rdx-tea/tests/mutation/test_l7_d3_falsification.py::test_l7_f03_tea_artifact_change_after_sidecar_detected PASSED [ 57%]
rdx-tea/tests/mutation/test_l7_d3_falsification.py::test_l7_f04_non_rust_story_receives_no_pack PASSED [ 58%]
rdx-tea/tests/mutation/test_l7_d3_falsification.py::test_l7_f05_bundle_never_carries_llm_pass_verdict PASSED [ 59%]
rdx-tea/tests/mutation/test_l7_d3_falsification.py::test_l7_f06_no_global_rdx_tea_index_consumed PASSED [ 60%]
rdx-tea/tests/mutation/test_l7_d3_falsification.py::test_l7_f07_prepare_output_deterministic_across_two_processes PASSED [ 61%]
rdx-tea/tests/mutation/test_l7_d3_falsification.py::test_l7_f08_unsupported_workflow_raises_or_no_op PASSED [ 62%]
rdx-tea/tests/unit/test_l1_projection_unit.py::test_l1_canonical_inputs_are_only_repo_files PASSED [ 63%]
rdx-tea/tests/unit/test_l1_projection_unit.py::test_l1_canonical_inputs_all_exist PASSED [ 64%]
rdx-tea/tests/unit/test_l1_projection_unit.py::test_l1_load_router_shape PASSED [ 65%]
rdx-tea/tests/unit/test_l1_projection_unit.py::test_l1_load_router_uses_canonical_file PASSED [ 67%]
rdx-tea/tests/unit/test_l1_projection_unit.py::test_l1_load_status_has_full_vocabulary PASSED [ 68%]
rdx-tea/tests/unit/test_l1_projection_unit.py::test_l1_tier_for[meta0-extended] PASSED [ 69%]
rdx-tea/tests/unit/test_l1_projection_unit.py::test_l1_tier_for[meta1-specialized] PASSED [ 70%]
rdx-tea/tests/unit/test_l1_projection_unit.py::test_l1_tier_for[meta2-specialized] PASSED [ 71%]
rdx-tea/tests/unit/test_l1_projection_unit.py::test_l1_tier_for[meta3-specialized] PASSED [ 72%]
rdx-tea/tests/unit/test_l1_projection_unit.py::test_l1_tier_matches_expected_packs PASSED [ 73%]
rdx-tea/tests/unit/test_l1_projection_unit.py::test_l1_pack_fragment_contains_frontmatter PASSED [ 74%]
rdx-tea/tests/unit/test_l1_projection_unit.py::test_l1_pack_fragment_includes_every_related_rule_id PASSED [ 75%]
rdx-tea/tests/unit/test_l1_projection_unit.py::test_l1_pack_fragment_lists_all_verdicts_alphabetically PASSED [ 76%]
rdx-tea/tests/unit/test_l1_projection_unit.py::test_l1_index_csv_header_matches_tea_index_schema PASSED [ 77%]
rdx-tea/tests/unit/test_l1_projection_unit.py::test_l1_index_csv_has_one_row_per_pack_and_no_duplicates PASSED [ 78%]
rdx-tea/tests/unit/test_l1_projection_unit.py::test_l1_index_csv_fragment_files_exist_when_emitted PASSED [ 79%]
rdx-tea/tests/unit/test_l1_projection_unit.py::test_l1_render_all_is_deterministic_across_processes PASSED [ 80%]
rdx-tea/tests/unit/test_l1_projection_unit.py::test_l1_render_all_covers_all_12_packs_plus_index PASSED [ 81%]
rdx-tea/tests/unit/test_l1_projection_unit.py::test_l1_render_all_no_wallclock_or_random_content PASSED [ 82%]
rdx-tea/tests/unit/test_l1_rdx_parser_v2.py::test_l1_parser_v2_exists_and_parses_kb PASSED [ 83%]
rdx-tea/tests/unit/test_l1_rdx_parser_v2.py::test_l1_parser_v2_every_rule_has_mandatory_fields PASSED [ 84%]
rdx-tea/tests/unit/test_l1_rdx_parser_v2.py::test_l1_parser_v2_rp_async_005_is_semantic PASSED [ 85%]
rdx-tea/tests/unit/test_l1_rdx_parser_v2.py::test_l1_parser_v2_core_rules_parsed PASSED [ 86%]
rdx-tea/tests/unit/test_l1_rdx_parser_v2.py::test_l1_parser_v2_pack_membership_correct PASSED [ 87%]
rdx-tea/tests/unit/test_l1_rdx_parser_v2.py::test_l1_parser_v2_fails_closed_on_malformed_input PASSED [ 88%]
rdx-tea/tests/unit/test_l1_rdx_parser_v2.py::test_l1_parser_v2_deterministic_order PASSED [ 89%]
rdx-tea/tests/unit/test_l1_rdx_parser_v2.py::test_l1_parser_v2_source_line_ascending_within_file PASSED [ 90%]
rdx-tea/tests/unit/test_l1_rdx_parser_v2.py::test_l1_parser_v2_no_rust_prefix_ids PASSED [ 91%]
rdx-tea/tests/unit/test_l1_rdx_parser_v2.py::test_l1_parser_v2_source_hash_stable PASSED [ 92%]
rdx-tea/tests/unit/test_l1_rdx_parser_v2.py::test_l1_parser_v2_rule_ids_match_rule_check_map PASSED [ 93%]
rdx-tea/tests/unit/test_l1_regressions_d3.py::test_l1_regression_no_rdx_pack_is_tea_core PASSED [ 94%]
rdx-tea/tests/unit/test_l1_regressions_d3.py::test_l1_regression_default_tier_is_specialized PASSED [ 95%]
rdx-tea/tests/unit/test_l1_regressions_d3.py::test_l1_regression_only_test_pack_may_be_extended PASSED [ 96%]
rdx-tea/tests/unit/test_l1_regressions_d3.py::test_l1_regression_tier_for_default_is_specialized PASSED [ 97%]
rdx-tea/tests/unit/test_l1_regressions_d3.py::test_l1_regression_tier_for_strong_confidence_is_specialized PASSED [ 98%]
rdx-tea/tests/unit/test_l1_regressions_d3.py::test_l1_regression_tier_for_medium_confidence_is_specialized_unless_testing PASSED [100%]

============================== 97 passed in 3.98s ==============================
